__hash:v
_hash:eb
_meta:va
_next:Ha
_rest:Kb
_seq:pb
afn:s
afterRender:Ab
arr:i
auto_run:wa
beforeFlush:Bb
bitmap:K
buf:Lb
buffer_:Ia
captured:Mb
caught:Nb
chunk:xa
cljs$core$APersistentVector$:Ob
cljs$core$Fn$:vc
cljs$core$IAssociative$:wc
cljs$core$IAssociative$_assoc$arity$3:ya
cljs$core$IAssociative$_contains_key_QMARK_$arity$2:Ja
cljs$core$IChunk$_drop_first$arity$1:dc
cljs$core$IChunkedNext$_chunked_next$arity$1:ec
cljs$core$IChunkedSeq$:Uc
cljs$core$IChunkedSeq$_chunked_first$arity$1:Pb
cljs$core$IChunkedSeq$_chunked_rest$arity$1:Cb
cljs$core$ICollection$:Vc
cljs$core$ICollection$_conj$arity$2:$
cljs$core$ICounted$:xc
cljs$core$ICounted$_count$arity$1:X
cljs$core$IDeref$_deref$arity$1:Ca
cljs$core$IEditableCollection$:yc
cljs$core$IEditableCollection$_as_transient$arity$1:fb
cljs$core$IEmptyableCollection$:zc
cljs$core$IEmptyableCollection$_empty$arity$1:Y
cljs$core$IEncodeJS$:Ac
cljs$core$IEncodeJS$_clj__GT_js$arity$1:Bc
cljs$core$IEquiv$_equiv$arity$2:O
cljs$core$IFind$_find$arity$2:gb
cljs$core$IFn$:Wc
cljs$core$IFn$_invoke$arity$0:B
cljs$core$IFn$_invoke$arity$1:g
cljs$core$IFn$_invoke$arity$10:Ka
cljs$core$IFn$_invoke$arity$11:La
cljs$core$IFn$_invoke$arity$12:Ma
cljs$core$IFn$_invoke$arity$13:Na
cljs$core$IFn$_invoke$arity$14:Oa
cljs$core$IFn$_invoke$arity$15:Pa
cljs$core$IFn$_invoke$arity$16:Qa
cljs$core$IFn$_invoke$arity$17:Ra
cljs$core$IFn$_invoke$arity$18:Sa
cljs$core$IFn$_invoke$arity$19:Ta
cljs$core$IFn$_invoke$arity$2:h
cljs$core$IFn$_invoke$arity$20:Ua
cljs$core$IFn$_invoke$arity$22:Cc
cljs$core$IFn$_invoke$arity$3:j
cljs$core$IFn$_invoke$arity$4:F
cljs$core$IFn$_invoke$arity$5:M
cljs$core$IFn$_invoke$arity$6:Va
cljs$core$IFn$_invoke$arity$7:Wa
cljs$core$IFn$_invoke$arity$8:Xa
cljs$core$IFn$_invoke$arity$9:Ya
cljs$core$IFn$_invoke$arity$variadic:u
cljs$core$IHash$:Xc
cljs$core$IHash$_hash$arity$1:R
cljs$core$IIndexed$:fc
cljs$core$IIndexed$_nth$arity$2:N
cljs$core$IIndexed$_nth$arity$3:la
cljs$core$IIterable$:Yc
cljs$core$IIterable$_iterator$arity$1:na
cljs$core$IKVReduce$:Zc
cljs$core$IKVReduce$_kv_reduce$arity$3:qb
cljs$core$IList$:$c
cljs$core$ILookup$:Dc
cljs$core$ILookup$_lookup$arity$2:ha
cljs$core$ILookup$_lookup$arity$3:I
cljs$core$IMap$:ad
cljs$core$IMap$_dissoc$arity$2:Qb
cljs$core$IMapEntry$:bd
cljs$core$IMapEntry$_key$arity$1:Ec
cljs$core$IMapEntry$_val$arity$1:Fc
cljs$core$IMeta$:Gc
cljs$core$IMeta$_meta$arity$1:S
cljs$core$INamed$:hc
cljs$core$INext$:rb
cljs$core$INext$_next$arity$1:ia
cljs$core$IPrintWithWriter$:Z
cljs$core$IPrintWithWriter$_pr_writer$arity$3:P
cljs$core$IRecord$:cd
cljs$core$IReduce$:Hc
cljs$core$IReduce$_reduce$arity$2:fa
cljs$core$IReduce$_reduce$arity$3:ga
cljs$core$IReset$_reset_BANG_$arity$2:pa
cljs$core$ISeq$:hb
cljs$core$ISeq$_first$arity$1:ja
cljs$core$ISeq$_rest$arity$1:ka
cljs$core$ISeqable$:Ic
cljs$core$ISeqable$_seq$arity$1:T
cljs$core$ISequential$:ic
cljs$core$ISet$:dd
cljs$core$ISet$_disjoin$arity$2:jc
cljs$core$IStack$_peek$arity$1:ib
cljs$core$IStack$_pop$arity$1:jb
cljs$core$ISwap$_swap_BANG_$arity$2:Rb
cljs$core$ISwap$_swap_BANG_$arity$3:Sb
cljs$core$ISwap$_swap_BANG_$arity$4:Tb
cljs$core$ISwap$_swap_BANG_$arity$5:Ub
cljs$core$ITransientAssociative$_assoc_BANG_$arity$3:kb
cljs$core$ITransientCollection$_conj_BANG_$arity$2:lb
cljs$core$ITransientCollection$_persistent_BANG_$arity$1:sb
cljs$core$IVector$:ed
cljs$core$IVector$_assoc_n$arity$3:Za
cljs$core$IWatchable$_add_watch$arity$3:Db
cljs$core$IWatchable$_notify_watches$arity$3:Vb
cljs$core$IWatchable$_remove_watch$arity$2:Eb
cljs$core$IWithMeta$_with_meta$arity$2:V
cljs$core$IWriter$_write$arity$2:kc
cljs$lang$applyTo:H
cljs$lang$ctorPrWriter:Wb
cljs$lang$ctorStr:mb
cljs$lang$maxFixedArity:G
cljs$lang$protocol_mask$partition$:lc
cljs$lang$protocol_mask$partition0$:l
cljs$lang$protocol_mask$partition1$:A
cljs$lang$type:Fb
cljsDOMValue:Gb
cljsInputDirty:mc
cljsInputLive:Xb
cljsLegacyRender:Jc
cljsMountOrder:Yb
cljsRenderedValue:Kc
cljsState:Lc
cnt:m
collision_hash:za
componentQueue:Hb
custom:Mc
dirty_QMARK_:Da
edit:J
editable_QMARK_:nb
ensure_editable:$a
fn:tb
fn_to_element:nc
fqn:oa
hasNext:aa
has_nil_QMARK_:ca
hash_map:Aa
i:o
inode_assoc:qa
inode_assoc_BANG_:ra
inode_find:ub
inode_lookup:Ea
inode_seq:vb
inode_without:wb
inputEl:Zb
iter:ob
kv_reduce:xb
len:ab
meta24023:Nc
meta25951:Oc
more:sa
mseq:D
next_entry:yb
next_iter:ta
nil_val:da
nocache_QMARK_:oc
nodes:ua
ns:zb
off:ba
on_dispose:pc
on_dispose_arr:fd
on_set:Pc
opts:Qc
parse_fn:Ib
reagent$impl$protocols$Compiler$as_element$arity$2:qc
reagent$impl$protocols$Compiler$get_id$arity$1:Rc
reagent$impl$protocols$Compiler$make_element$arity$5:rc
reagent$impl$protocols$Compiler$parse_tag$arity$3:sc
reagent$ratom$IDisposable$dispose_BANG_$arity$1:$b
reagentInput:Sc
reagentRefFn:tc
reagentRender:Fa
rest:Ba
root_iter:uc
s:C
sb:Tc
scheduled_QMARK_:Jb
seen:ac
str:Ga
transient_map:bb
v:W
val:U
validator:bc
vec:ma
watches:ea
watchesArr:cc
watching:cb
