JSCompiler_StaticMethods_assoc_BANG_:xf
JSCompiler_StaticMethods_cljs$core$ITransientVector$_assoc_n_BANG_$arity$3:Ee
JSCompiler_StaticMethods_sval:qd
JSCompiler_prototypeAlias:g
L 0:a
L 1:b
L 10:n
L 11:p
L 12:r
L 13:v
L 14:z
L 15:C
L 16:I
L 17:M
L 18:T
L 19:aa
L 2:c
L 20:na
L 21:za
L 22:Uf
L 3:d
L 4:e
L 5:f
L 6:h
L 7:k
L 8:l
L 9:m
cljs:la
cljs$core:ma
cljs$core$ArrayChunk:sd
cljs$core$ArrayNode:gf
cljs$core$ArrayNodeIterator:lf
cljs$core$ArrayNodeSeq:sf
cljs$core$Atom:Rd
cljs$core$BitmapIndexedNode:cf
cljs$core$BitmapIndexedNode$EMPTY:ff
cljs$core$Box:Xe
cljs$core$ChunkBuffer:rd
cljs$core$ChunkedCons:td
cljs$core$ChunkedSeq:ye
cljs$core$Cons:md
cljs$core$ES6EntriesIterator:Ie
cljs$core$ES6Iterator:fc
cljs$core$ES6IteratorSeq:hc
cljs$core$ES6SetEntriesIterator:Je
cljs$core$EmptyList:ld
cljs$core$Fn:Fa
cljs$core$HashCollisionNode:pf
cljs$core$HashMapIter:uf
cljs$core$HashSetIter:Ef
cljs$core$IAssociative:Va
cljs$core$ICollection:La
cljs$core$ICounted:Ha
cljs$core$IEmptyableCollection:Ja
cljs$core$IEncodeJS:bg
cljs$core$IFn:Ga
cljs$core$IIndexed:Na
cljs$core$IIndexed$_nth$dyn_25142:Oa
cljs$core$IIterable:Nb
cljs$core$IKVReduce:pb
cljs$core$IList:wb
cljs$core$ILookup:Sa
cljs$core$ILookup$_lookup$dyn_25148:Ua
cljs$core$IMap:Za
cljs$core$IMeta:jb
cljs$core$INIT:Ld
cljs$core$INext:Ra
cljs$core$IPrintWithWriter:yb
cljs$core$IRecord:xb
cljs$core$IReduce:mb
cljs$core$IReduce$_reduce$dyn_25165:ob
cljs$core$ISeq:Pa
cljs$core$ISeqable:tb
cljs$core$ISequential:vb
cljs$core$ISet:cb
cljs$core$ISwap$_swap_BANG_$dyn_25212:Mb
cljs$core$ITER_SYMBOL:Aa
cljs$core$IVector:gb
cljs$core$IndexedSeq:H
cljs$core$IndexedSeqIterator:zc
cljs$core$KeySeq:yf
cljs$core$Keyword:F
cljs$core$LazySeq:pd
cljs$core$List:Ec
cljs$core$List$EMPTY:K
cljs$core$MapEntry:le
cljs$core$MetaFn:Jc
cljs$core$NeverEquiv:Fe
cljs$core$NodeIterator:bf
cljs$core$NodeSeq:qf
cljs$core$PROTOCOL_SENTINEL:t
cljs$core$PersistentArrayMap:ra
cljs$core$PersistentArrayMap$EMPTY:Jd
cljs$core$PersistentArrayMap$HASHMAP_THRESHOLD:Qe
cljs$core$PersistentArrayMap$createAsIfByAssoc:Gc
cljs$core$PersistentArrayMap$createAsIfByAssocComplexPath:Ve
cljs$core$PersistentArrayMapIterator:Me
cljs$core$PersistentArrayMapSeq:Le
cljs$core$PersistentHashMap:vf
cljs$core$PersistentHashMap$EMPTY:Re
cljs$core$PersistentHashSet:Ff
cljs$core$PersistentHashSet$EMPTY:Hf
cljs$core$PersistentVector:Y
cljs$core$PersistentVector$EMPTY:Dc
cljs$core$PersistentVector$EMPTY_NODE:me
cljs$core$PersistentVector$fromArray:se
cljs$core$RangedIterator:he
cljs$core$Reduced:nc
cljs$core$START:Md
cljs$core$SeqIter:Nd
cljs$core$StringBufferWriter:Pb
cljs$core$Subvec:Ae
cljs$core$Symbol:ac
cljs$core$TransientArrayMap:Pe
cljs$core$TransientHashMap:wf
cljs$core$TransientHashSet:Gf
cljs$core$TransientVector:ne
cljs$core$ValSeq:zf
cljs$core$VectorNode:Xd
cljs$core$_EQ_:O
cljs$core$_STAR_print_level_STAR_:pa
cljs$core$__destructure_map:Id
cljs$core$_add_watch:Ab
cljs$core$_as_transient:Db
cljs$core$_assoc:Xa
cljs$core$_assoc_BANG_:Gb
cljs$core$_assoc_n:hb
cljs$core$_chunked_first:Ib
cljs$core$_chunked_rest:Jb
cljs$core$_clj__GT_js:cg
cljs$core$_conj:Ma
cljs$core$_conj_BANG_:Eb
cljs$core$_contains_key_QMARK_:Wa
cljs$core$_count:Ia
cljs$core$_deref:ib
cljs$core$_disjoin:db
cljs$core$_dissoc:$a
cljs$core$_drop_first:Hb
cljs$core$_empty:Ka
cljs$core$_equiv:rb
cljs$core$_find:Ya
cljs$core$_first:B
cljs$core$_hash:sb
cljs$core$_indexOf$cljs$0core$0IFn$0_invoke$0arity$03:P
cljs$core$_iterator:Ob
cljs$core$_key:ab
cljs$core$_kv_reduce:qb
cljs$core$_lastIndexOf$cljs$0core$0IFn$0_invoke$0arity$03:R
cljs$core$_lookup:Ta
cljs$core$_meta:kb
cljs$core$_nth:A
cljs$core$_peek:eb
cljs$core$_persistent_BANG_:Fb
cljs$core$_pop:fb
cljs$core$_pr_writer:zb
cljs$core$_reduce:nb
cljs$core$_remove_watch:Cb
cljs$core$_reset_BANG_:Kb
cljs$core$_rest:Qa
cljs$core$_seq:ub
cljs$core$_swap_BANG_:Lb
cljs$core$_val:bb
cljs$core$_with_meta:lb
cljs$core$_write:D
cljs$core$aclone:Ba
cljs$core$apply:Kc
cljs$core$apply$cljs$0core$0IFn$0_invoke$0arity$02:Ed
cljs$core$apply$cljs$0core$0IFn$0_invoke$0arity$03:Fd
cljs$core$apply$cljs$0core$0IFn$0_invoke$0arity$05:Gd
cljs$core$apply$cljs$0core$0IFn$0_invoke$0arity$0variadic:Hd
cljs$core$apply_to:yd
cljs$core$apply_to_simple$cljs$0core$0IFn$0_invoke$0arity$03:Ad
cljs$core$apply_to_simple$cljs$0core$0IFn$0_invoke$0arity$04:Bd
cljs$core$apply_to_simple$cljs$0core$0IFn$0_invoke$0arity$05:Cd
cljs$core$apply_to_simple$cljs$0core$0IFn$0_invoke$0arity$06:Dd
cljs$core$array_QMARK_:xa
cljs$core$array__GT_transient_hash_map:We
cljs$core$array_copy:Wc
cljs$core$array_for:ee
cljs$core$array_index_of:Ke
cljs$core$array_reduce$cljs$0core$0IFn$0_invoke$0arity$02:sc
cljs$core$array_reduce$cljs$0core$0IFn$0_invoke$0arity$03:tc
cljs$core$array_reduce$cljs$0core$0IFn$0_invoke$0arity$04:uc
cljs$core$assoc:V
cljs$core$bit_count:kd
cljs$core$boolean$0:Yc
cljs$core$bounded_count:wd
cljs$core$build_subvec:Be
cljs$core$char_escapes:Nf
cljs$core$chunk_append:vd
cljs$core$chunk_cons:ud
cljs$core$chunked_seq:re
cljs$core$chunked_seq$cljs$0core$0IFn$0_invoke$0arity$04:qe
cljs$core$chunked_seq$cljs$0core$0IFn$0_invoke$0arity$05:ze
cljs$core$chunked_seq_QMARK_:Vc
cljs$core$ci_reduce$cljs$0core$0IFn$0_invoke$0arity$02:qc
cljs$core$ci_reduce$cljs$0core$0IFn$0_invoke$0arity$03:rc
cljs$core$clj__GT_js:eg
cljs$core$clone_and_set$cljs$0core$0IFn$0_invoke$0arity$03:Ye
cljs$core$coll_QMARK_:Pc
cljs$core$conj:Cc
cljs$core$cons:S
cljs$core$contains_QMARK_:ad
cljs$core$count:Q
cljs$core$counted_QMARK_:vc
cljs$core$create_array_node_seq:nf
cljs$core$create_array_node_seq$cljs$0core$0IFn$0_invoke$0arity$01:mf
cljs$core$create_array_node_seq$cljs$0core$0IFn$0_invoke$0arity$03:tf
cljs$core$create_inode_seq:ef
cljs$core$create_inode_seq$cljs$0core$0IFn$0_invoke$0arity$01:df
cljs$core$create_inode_seq$cljs$0core$0IFn$0_invoke$0arity$03:rf
cljs$core$create_node:jf
cljs$core$create_node$cljs$0core$0IFn$0_invoke$0arity$06:kf
cljs$core$create_node$cljs$0core$0IFn$0_invoke$0arity$07:hf
cljs$core$deref:pc
cljs$core$disj:Nc
cljs$core$dissoc:Hc
cljs$core$do_assoc:fe
cljs$core$drop$cljs$0core$0IFn$0_invoke$0arity$02:Ud
cljs$core$drop_last$cljs$0core$0IFn$0_invoke$0arity$02:Vd
cljs$core$edit_and_set$cljs$0core$0IFn$0_invoke$0arity$04:$e
cljs$core$empty_QMARK_:Oc
cljs$core$empty_ordered_hash:jc
cljs$core$empty_unordered_hash:lc
cljs$core$equiv_map:He
cljs$core$equiv_sequential:Ac
cljs$core$es6_iterator:gc
cljs$core$es6_iterator_seq:dc
cljs$core$every_QMARK_:Od
cljs$core$first:J
cljs$core$fn_QMARK_:Ic
cljs$core$gensym$cljs$0core$0IFn$0_invoke$0arity$01:ag
cljs$core$gensym_counter:$f
cljs$core$get:E
cljs$core$hash:Zb
cljs$core$hash_collision_node_find_index:of
cljs$core$hash_combine:$b
cljs$core$hash_ordered_coll:ic
cljs$core$hash_string:Yb
cljs$core$hash_unordered_coll:kc
cljs$core$identity:hd
cljs$core$ifn_QMARK_:Zc
cljs$core$imul:Rb
cljs$core$inc:mc
cljs$core$indexed_QMARK_:wc
cljs$core$inode_kv_reduce:af
cljs$core$integer_QMARK_:$c
cljs$core$into:Wd
cljs$core$into_array$cljs$0core$0IFn$0_invoke$0arity$02:Ca
cljs$core$iter_reduce$cljs$0core$0IFn$0_invoke$0arity$02:dd
cljs$core$iter_reduce$cljs$0core$0IFn$0_invoke$0arity$03:ed
cljs$core$iterable_QMARK_:cc
cljs$core$keep$cljs$0core$0IFn$0_invoke$0arity$02:Qd
cljs$core$key:ve
cljs$core$key__GT_js$cljs$0core$0IFn$0_invoke$0arity$02:dg
cljs$core$key_test:Se
cljs$core$keys:Ne
cljs$core$keyword:od
cljs$core$last:rg
cljs$core$lift_ns:Xf
cljs$core$linear_traversal_nth$cljs$0core$0IFn$0_invoke$0arity$03:Fc
cljs$core$lookup_sentinel:Xc
cljs$core$m3_fmix:Ub
cljs$core$m3_hash_unencoded_chars:Vb
cljs$core$m3_mix_H1:Tb
cljs$core$m3_mix_K1:Sb
cljs$core$map:X
cljs$core$map_QMARK_:Sc
cljs$core$map_entry_QMARK_:ue
cljs$core$merge:Af
cljs$core$meta:Mc
cljs$core$missing_protocol:x
cljs$core$name:W
cljs$core$namespace:nd
cljs$core$native_satisfies_QMARK_:w
cljs$core$never_equiv:Ge
cljs$core$new_path:ae
cljs$core$next:N
cljs$core$next_STAR_:zd
cljs$core$nil_iter:Kd
cljs$core$nth:yc
cljs$core$nth$cljs$0core$0IFn$0_invoke$0arity$02:xc
cljs$core$nth$cljs$0core$0IFn$0_invoke$0arity$03:U
cljs$core$pam_grow_seed_array:Ue
cljs$core$pam_new_size:Te
cljs$core$pop_tail:ge
cljs$core$pr_opts:qa
cljs$core$pr_sequential_writer:Kf
cljs$core$pr_str_STAR_:Qb
cljs$core$pr_str_with_opts:Vf
cljs$core$pr_writer:Z
cljs$core$pr_writer_impl:Qf
cljs$core$prim_seq$cljs$0core$0IFn$0_invoke$0arity$02:Bc
cljs$core$print_map:Rf
cljs$core$print_meta_QMARK_:Pf
cljs$core$print_prefix_map:Yf
cljs$core$push_tail:be
cljs$core$pv_clone_node:Zd
cljs$core$pv_fresh_node:Yd
cljs$core$pv_reduce$cljs$0core$0IFn$0_invoke$0arity$04:je
cljs$core$pv_reduce$cljs$0core$0IFn$0_invoke$0arity$05:ke
cljs$core$quot:jd
cljs$core$quote_string:Of
cljs$core$ranged_iterator:ie
cljs$core$re_matches:Jf
cljs$core$record_QMARK_:Tc
cljs$core$reduce:Ea
cljs$core$reduce$cljs$0core$0IFn$0_invoke$0arity$02:fd
cljs$core$reduce$cljs$0core$0IFn$0_invoke$0arity$03:Da
cljs$core$reduce_kv:gd
cljs$core$reduced_QMARK_:oc
cljs$core$remove_pair:Ze
cljs$core$reset_BANG_:Sd
cljs$core$rest:ec
cljs$core$select_keys:Bf
cljs$core$seq:G
cljs$core$seq_reduce$cljs$0core$0IFn$0_invoke$0arity$02:bd
cljs$core$seq_reduce$cljs$0core$0IFn$0_invoke$0arity$03:cd
cljs$core$sequential_QMARK_:Rc
cljs$core$set:If
cljs$core$set_QMARK_:Qc
cljs$core$some:Pd
cljs$core$spread:xd
cljs$core$str:y
cljs$core$string_hash_cache:Wb
cljs$core$string_hash_cache_count:Xb
cljs$core$strip_ns:Wf
cljs$core$swap_BANG_:Td
cljs$core$symbol:bc
cljs$core$t_cljs$0core24022:oa
cljs$core$tail_off:$d
cljs$core$transduce$cljs$0core$0IFn$0_invoke$0arity$04:id
cljs$core$truth_:u
cljs$core$tv_editable_root:oe
cljs$core$tv_editable_tail:pe
cljs$core$tv_ensure_editable:Ce
cljs$core$tv_push_tail:De
cljs$core$type__GT_str:ya
cljs$core$unchecked_array_for:de
cljs$core$val:we
cljs$core$vals:Oe
cljs$core$vec:te
cljs$core$vector:xe
cljs$core$vector_QMARK_:Uc
cljs$core$vector_index_out_of_bounds:ce
cljs$core$with_meta:Lc
cljs$core$write_all$cljs$0core$0IFn$0_invoke$0arity$0variadic:Mf
cljs$cst$0$flush_on_newline:sa
cljs$cst$1$readably:ta
cljs$cst$105$more_marker:Lf
cljs$cst$106$alt_impl:Sf
cljs$cst$107$fallback_impl:Tf
cljs$cst$108$val:Zf
cljs$cst$126$keyword_fn:fg
cljs$cst$170$name:sg
cljs$cst$173$class:ug
cljs$cst$175$key:Lg
cljs$cst$177$on_dispose:Ag
cljs$cst$180$auto_run:lg
cljs$cst$184$on_set:Mg
cljs$cst$185$no_cache:jg
cljs$cst$193$shouldComponentUpdate:pg
cljs$cst$194$componentWillUnmount:hg
cljs$cst$195$reagentRender:wg
cljs$cst$196$render:zg
cljs$cst$197$displayName:Bg
cljs$cst$198$cljsLegacyRender:Fg
cljs$cst$199$childContextTypes:qg
cljs$cst$2$meta:ua
cljs$cst$200$contextTypes:yg
cljs$cst$201$contextType:Kg
cljs$cst$202$getDerivedStateFromProps:mg
cljs$cst$203$getDerivedStateFromError:Cg
cljs$cst$204$getInitialState:og
cljs$cst$205$constructor:ig
cljs$cst$206$reagent_render:xg
cljs$cst$207$on_write:gg
cljs$cst$208$display_name:Gg
cljs$cst$209$component_did_update:vg
cljs$cst$210$component_will_unmount:tg
cljs$cst$213$id:Jg
cljs$cst$214$className:kg
cljs$cst$216$function_components:Hg
cljs$cst$217$parse_tag:ng
cljs$cst$222$callback:Eg
cljs$cst$223$div:Ig
cljs$cst$224$class_name:Ri
cljs$cst$225$h1:Mi
cljs$cst$226$form:Ui
cljs$cst$227$on_submit:Qi
cljs$cst$228$input:Xi
cljs$cst$229$type:Zi
cljs$cst$230$text:$i
cljs$cst$231$email:Pi
cljs$cst$232$value:Wi
cljs$cst$233$placeholder:Ti
cljs$cst$234$on_change:Si
cljs$cst$235$h2:Oi
cljs$cst$236$h3:Ni
cljs$cst$237$p:Li
cljs$cst$238$button:Yi
cljs$cst$239$on_click:Vi
cljs$cst$3$dup:va
cljs$cst$4$print_length:wa
cljs$cst$47$validator:Dg
cljs$cst$98$cljs_DOT_core_SLASH_not_found:Df
cljs_app$components$form$form:cj
cljs_app$components$header$header:ej
cljs_app$components$thanks$thanks:dj
cljs_app$core$home_page:Ji
cljs_app$state$email:aj
cljs_app$state$emails:Ki
cljs_app$state$submitted:bj
clojure$set$difference:wh
clojure$string$join$cljs$0core$0IFn$0_invoke$0arity$02:Vg
clojure$string$replace:Ug
clojure$string$replace_all:Sg
clojure$string$replace_with:Tg
clojure$string$split$cljs$0core$0IFn$0_invoke$0arity$03:Wg
cur$jscomp$inline_1075:hj
goog$UID_PROPERTY_:da
goog$getUid:ca
goog$global:ba
goog$string$StringBuffer:ka
goog$typeOf:q
goog$uidCounter_:ea
module$contents$goog$object_PROTOTYPE_FIELDS:ia
module$contents$goog$object_extend:ja
module$contents$goog$object_get:ha
module$contents$goog$object_getKeys:fa
module$node_modules$react$index:Rg
module$node_modules$react_dom$index:Fi
object$jscomp$inline_1071:fj
part$jscomp$inline_1076:ij
parts$jscomp$inline_1074:gj
reagent:Xg
reagent$dom$render$cljs$0core$0IFn$0_invoke$0arity$03:Ii
reagent$dom$render_comp:Hi
reagent$dom$roots:Gi
reagent$impl:Yg
reagent$impl$batching$RenderQueue:ph
reagent$impl$batching$compare_mount_order:lh
reagent$impl$batching$enqueue:oh
reagent$impl$batching$fake_raf:jh
reagent$impl$batching$mount_count:ih
reagent$impl$batching$next_tick:kh
reagent$impl$batching$queue_render:rh
reagent$impl$batching$ratom_flush:mh
reagent$impl$batching$render_queue:qh
reagent$impl$batching$run_funs:nh
reagent$impl$component$_STAR_current_component_STAR_:Oh
reagent$impl$component$built_in_static_method_names:Cf
reagent$impl$component$cache_react_class:$h
reagent$impl$component$camelify_map_keys:Vh
reagent$impl$component$cljsify:Yh
reagent$impl$component$create_class:Zh
reagent$impl$component$custom_wrapper:Sh
reagent$impl$component$dash_to_method_name:Uh
reagent$impl$component$functional_render:bi
reagent$impl$component$functional_render_fn:di
reagent$impl$component$functional_render_memo_fn:ci
reagent$impl$component$functional_wrap_render:ai
reagent$impl$component$map_to_js:Xh
reagent$impl$component$obligatory:Th
reagent$impl$component$props_argv:Ph
reagent$impl$component$rat_opts:Nh
reagent$impl$component$reagent_class_QMARK_:Qh
reagent$impl$component$wrap_funs:Wh
reagent$impl$component$wrap_render:Rh
reagent$impl$input$input_component_set_value:gi
reagent$impl$input$input_handle_change:hi
reagent$impl$input$input_node_set_value:fi
reagent$impl$input$input_render_setup:ii
reagent$impl$input$input_spec:ji
reagent$impl$input$these_inputs_have_selection_api:ei
reagent$impl$protocols$as_element:uh
reagent$impl$protocols$get_id:sh
reagent$impl$protocols$make_element:vh
reagent$impl$protocols$parse_tag:th
reagent$impl$template:ki
reagent$impl$template$HiccupTag:vi
reagent$impl$template$cache_get:oi
reagent$impl$template$cached_parse:Ai
reagent$impl$template$convert_custom_prop_value:ti
reagent$impl$template$convert_prop_value:qi
reagent$impl$template$custom_kv_conv:si
reagent$impl$template$custom_prop_name_cache:ri
reagent$impl$template$default_compiler:Ei
reagent$impl$template$expand_seq:Ci
reagent$impl$template$function_element:xi
reagent$impl$template$kv_conv:pi
reagent$impl$template$make_element:ui
reagent$impl$template$maybe_function_element:yi
reagent$impl$template$native_element:Bi
reagent$impl$template$prop_name_cache:ni
reagent$impl$template$re_tag:mi
reagent$impl$template$reag_element:wi
reagent$impl$template$t_reagent$0impl$0template25950:li
reagent$impl$template$tag_name_cache:zi
reagent$impl$template$vec_to_elem:Di
reagent$impl$util$_STAR_always_update_STAR_:fh
reagent$impl$util$capitalize:ah
reagent$impl$util$class_names:eh
reagent$impl$util$dash_to_prop_name:bh
reagent$impl$util$dont_camel_case:$g
reagent$impl$util$fun_name:ch
reagent$impl$util$get_react_key:gh
reagent$impl$util$is_client:Zg
reagent$impl$util$named_QMARK_:dh
reagent$impl$util$react_key_from_vec:hh
reagent$ratom$RAtom:Fh
reagent$ratom$Reaction:Ih
reagent$ratom$_STAR_ratom_context_STAR_:xh
reagent$ratom$add_w:Ah
reagent$ratom$atom:Gh
reagent$ratom$deref_capture:yh
reagent$ratom$dispose_BANG_:Hh
reagent$ratom$flush_BANG_:Jh
reagent$ratom$handle_reaction_change:Bb
reagent$ratom$make_reaction:Kh
reagent$ratom$notify_deref_watcher_BANG_:zh
reagent$ratom$notify_w:Ch
reagent$ratom$pr_atom:Dh
reagent$ratom$rea_queue:Eh
reagent$ratom$remove_w:Bh
reagent$ratom$run_in_reaction:Mh
reagent$ratom$temp_reaction:Lh
shadow$js$files:Ng
shadow$js$jsRequire:Qg
shadow$js$nativeRequires:Og
shadow$js$requireStack:Pg
